Archive member included to satisfy reference by file (symbol)

/Applications/STM32CubeIDE.app/Contents/Eclipse/plugins/com.st.stm32cube.ide.mcu.externaltools.gnu-tools-for-stm32.12.3.rel1.macos64_1.0.100.202403111906/tools/bin/../lib/gcc/arm-none-eabi/12.3.1/../../../../arm-none-eabi/lib/thumb/v7e-m+fp/hard/libc_nano.a(libc_a-exit.o)
                              /Applications/STM32CubeIDE.app/Contents/Eclipse/plugins/com.st.stm32cube.ide.mcu.externaltools.gnu-tools-for-stm32.12.3.rel1.macos64_1.0.100.202403111906/tools/bin/../lib/gcc/arm-none-eabi/12.3.1/../../../../arm-none-eabi/lib/thumb/v7e-m+fp/hard/crt0.o (exit)
/Applications/STM32CubeIDE.app/Contents/Eclipse/plugins/com.st.stm32cube.ide.mcu.externaltools.gnu-tools-for-stm32.12.3.rel1.macos64_1.0.100.202403111906/tools/bin/../lib/gcc/arm-none-eabi/12.3.1/../../../../arm-none-eabi/lib/thumb/v7e-m+fp/hard/libc_nano.a(libc_a-findfp.o)
                              /Applications/STM32CubeIDE.app/Contents/Eclipse/plugins/com.st.stm32cube.ide.mcu.externaltools.gnu-tools-for-stm32.12.3.rel1.macos64_1.0.100.202403111906/tools/bin/../lib/gcc/arm-none-eabi/12.3.1/../../../../arm-none-eabi/lib/thumb/v7e-m+fp/hard/libc_nano.a(libc_a-exit.o) (__stdio_exit_handler)
/Applications/STM32CubeIDE.app/Contents/Eclipse/plugins/com.st.stm32cube.ide.mcu.externaltools.gnu-tools-for-stm32.12.3.rel1.macos64_1.0.100.202403111906/tools/bin/../lib/gcc/arm-none-eabi/12.3.1/../../../../arm-none-eabi/lib/thumb/v7e-m+fp/hard/libc_nano.a(libc_a-fwalk.o)
                              /Applications/STM32CubeIDE.app/Contents/Eclipse/plugins/com.st.stm32cube.ide.mcu.externaltools.gnu-tools-for-stm32.12.3.rel1.macos64_1.0.100.202403111906/tools/bin/../lib/gcc/arm-none-eabi/12.3.1/../../../../arm-none-eabi/lib/thumb/v7e-m+fp/hard/libc_nano.a(libc_a-findfp.o) (_fwalk_sglue)
/Applications/STM32CubeIDE.app/Contents/Eclipse/plugins/com.st.stm32cube.ide.mcu.externaltools.gnu-tools-for-stm32.12.3.rel1.macos64_1.0.100.202403111906/tools/bin/../lib/gcc/arm-none-eabi/12.3.1/../../../../arm-none-eabi/lib/thumb/v7e-m+fp/hard/libc_nano.a(libc_a-memset.o)
                              /Applications/STM32CubeIDE.app/Contents/Eclipse/plugins/com.st.stm32cube.ide.mcu.externaltools.gnu-tools-for-stm32.12.3.rel1.macos64_1.0.100.202403111906/tools/bin/../lib/gcc/arm-none-eabi/12.3.1/../../../../arm-none-eabi/lib/thumb/v7e-m+fp/hard/crt0.o (memset)
/Applications/STM32CubeIDE.app/Contents/Eclipse/plugins/com.st.stm32cube.ide.mcu.externaltools.gnu-tools-for-stm32.12.3.rel1.macos64_1.0.100.202403111906/tools/bin/../lib/gcc/arm-none-eabi/12.3.1/../../../../arm-none-eabi/lib/thumb/v7e-m+fp/hard/libc_nano.a(libc_a-impure.o)
                              /Applications/STM32CubeIDE.app/Contents/Eclipse/plugins/com.st.stm32cube.ide.mcu.externaltools.gnu-tools-for-stm32.12.3.rel1.macos64_1.0.100.202403111906/tools/bin/../lib/gcc/arm-none-eabi/12.3.1/../../../../arm-none-eabi/lib/thumb/v7e-m+fp/hard/libc_nano.a(libc_a-findfp.o) (_impure_data)
/Applications/STM32CubeIDE.app/Contents/Eclipse/plugins/com.st.stm32cube.ide.mcu.externaltools.gnu-tools-for-stm32.12.3.rel1.macos64_1.0.100.202403111906/tools/bin/../lib/gcc/arm-none-eabi/12.3.1/../../../../arm-none-eabi/lib/thumb/v7e-m+fp/hard/libc_nano.a(libc_a-errno.o)
                              ./Core/Src/syscalls.o (__errno)
/Applications/STM32CubeIDE.app/Contents/Eclipse/plugins/com.st.stm32cube.ide.mcu.externaltools.gnu-tools-for-stm32.12.3.rel1.macos64_1.0.100.202403111906/tools/bin/../lib/gcc/arm-none-eabi/12.3.1/../../../../arm-none-eabi/lib/thumb/v7e-m+fp/hard/libc_nano.a(libc_a-init.o)
                              /Applications/STM32CubeIDE.app/Contents/Eclipse/plugins/com.st.stm32cube.ide.mcu.externaltools.gnu-tools-for-stm32.12.3.rel1.macos64_1.0.100.202403111906/tools/bin/../lib/gcc/arm-none-eabi/12.3.1/../../../../arm-none-eabi/lib/thumb/v7e-m+fp/hard/crt0.o (__libc_init_array)
/Applications/STM32CubeIDE.app/Contents/Eclipse/plugins/com.st.stm32cube.ide.mcu.externaltools.gnu-tools-for-stm32.12.3.rel1.macos64_1.0.100.202403111906/tools/bin/../lib/gcc/arm-none-eabi/12.3.1/../../../../arm-none-eabi/lib/thumb/v7e-m+fp/hard/libc_nano.a(libc_a-lock.o)
                              /Applications/STM32CubeIDE.app/Contents/Eclipse/plugins/com.st.stm32cube.ide.mcu.externaltools.gnu-tools-for-stm32.12.3.rel1.macos64_1.0.100.202403111906/tools/bin/../lib/gcc/arm-none-eabi/12.3.1/../../../../arm-none-eabi/lib/thumb/v7e-m+fp/hard/libc_nano.a(libc_a-findfp.o) (__retarget_lock_init_recursive)
/Applications/STM32CubeIDE.app/Contents/Eclipse/plugins/com.st.stm32cube.ide.mcu.externaltools.gnu-tools-for-stm32.12.3.rel1.macos64_1.0.100.202403111906/tools/bin/../lib/gcc/arm-none-eabi/12.3.1/../../../../arm-none-eabi/lib/thumb/v7e-m+fp/hard/libc_nano.a(libc_a-mallocr.o)
[...]
Memory Configuration

Name             Origin             Length             Attributes
CCMRAM           0x10000000         0x00002000         xrw
RAM              0x20000000         0x0000a000         xrw
FLASH            0x08000000         0x00040000         xr
*default*        0x00000000         0xffffffff

Linker script and memory map

LOAD /Applications/STM32CubeIDE.app/Contents/Eclipse/plugins/com.st.stm32cube.ide.mcu.externaltools.gnu-tools-for-stm32.12.3.rel1.macos64_1.0.100.202403111906/tools/bin/../lib/gcc/arm-none-eabi/12.3.1/thumb/v7e-m+fp/hard/crti.o
LOAD /Applications/STM32CubeIDE.app/Contents/Eclipse/plugins/com.st.stm32cube.ide.mcu.externaltools.gnu-tools-for-stm32.12.3.rel1.macos64_1.0.100.202403111906/tools/bin/../lib/gcc/arm-none-eabi/12.3.1/thumb/v7e-m+fp/hard/crtbegin.o
LOAD /Applications/STM32CubeIDE.app/Contents/Eclipse/plugins/com.st.stm32cube.ide.mcu.externaltools.gnu-tools-for-stm32.12.3.rel1.macos64_1.0.100.202403111906/tools/bin/../lib/gcc/arm-none-eabi/12.3.1/../../../../arm-none-eabi/lib/thumb/v7e-m+fp/hard/crt0.o
LOAD ./Core/Src/main.o
LOAD ./Core/Src/stm32f3xx_hal_msp.o
LOAD ./Core/Src/stm32f3xx_it.o
LOAD ./Core/Src/syscalls.o
LOAD ./Core/Src/sysmem.o
LOAD ./Core/Src/system_stm32f3xx.o
LOAD ./Core/Startup/startup_stm32f303vctx.o
LOAD ./Drivers/STM32F3xx_HAL_Driver/Src/stm32f3xx_hal.o
LOAD ./Drivers/STM32F3xx_HAL_Driver/Src/stm32f3xx_hal_cortex.o
LOAD ./Drivers/STM32F3xx_HAL_Driver/Src/stm32f3xx_hal_dma.o
LOAD ./Drivers/STM32F3xx_HAL_Driver/Src/stm32f3xx_hal_exti.o
LOAD ./Drivers/STM32F3xx_HAL_Driver/Src/stm32f3xx_hal_flash.o
LOAD ./Drivers/STM32F3xx_HAL_Driver/Src/stm32f3xx_hal_flash_ex.o
LOAD ./Drivers/STM32F3xx_HAL_Driver/Src/stm32f3xx_hal_gpio.o
LOAD ./Drivers/STM32F3xx_HAL_Driver/Src/stm32f3xx_hal_i2c.o
LOAD ./Drivers/STM32F3xx_HAL_Driver/Src/stm32f3xx_hal_i2c_ex.o
LOAD ./Drivers/STM32F3xx_HAL_Driver/Src/stm32f3xx_hal_pcd.o
LOAD ./Drivers/STM32F3xx_HAL_Driver/Src/stm32f3xx_hal_pcd_ex.o
LOAD ./Drivers/STM32F3xx_HAL_Driver/Src/stm32f3xx_hal_pwr.o
LOAD ./Drivers/STM32F3xx_HAL_Driver/Src/stm32f3xx_hal_pwr_ex.o
LOAD ./Drivers/STM32F3xx_HAL_Driver/Src/stm32f3xx_hal_rcc.o
LOAD ./Drivers/STM32F3xx_HAL_Driver/Src/stm32f3xx_hal_rcc_ex.o
LOAD ./Drivers/STM32F3xx_HAL_Driver/Src/stm32f3xx_hal_spi.o
LOAD ./Drivers/STM32F3xx_HAL_Driver/Src/stm32f3xx_hal_spi_ex.o
LOAD ./Drivers/STM32F3xx_HAL_Driver/Src/stm32f3xx_hal_tim.o
LOAD ./Drivers/STM32F3xx_HAL_Driver/Src/stm32f3xx_hal_tim_ex.o
LOAD ./Drivers/STM32F3xx_HAL_Driver/Src/stm32f3xx_hal_uart.o
LOAD ./Drivers/STM32F3xx_HAL_Driver/Src/stm32f3xx_hal_uart_ex.o
LOAD ./Drivers/STM32F3xx_HAL_Driver/Src/stm32f3xx_ll_usb.o
START GROUP
LOAD /Applications/STM32CubeIDE.app/Contents/Eclipse/plugins/com.st.stm32cube.ide.mcu.externaltools.gnu-tools-for-stm32.12.3.rel1.macos64_1.0.100.202403111906/tools/bin/../lib/gcc/arm-none-eabi/12.3.1/../../../../arm-none-eabi/lib/thumb/v7e-m+fp/hard/libc_nano.a
LOAD /Applications/STM32CubeIDE.app/Contents/Eclipse/plugins/com.st.stm32cube.ide.mcu.externaltools.gnu-tools-for-stm32.12.3.rel1.macos64_1.0.100.202403111906/tools/bin/../lib/gcc/arm-none-eabi/12.3.1/../../../../arm-none-eabi/lib/thumb/v7e-m+fp/hard/libm.a
END GROUP
START GROUP
LOAD /Applications/STM32CubeIDE.app/Contents/Eclipse/plugins/com.st.stm32cube.ide.mcu.externaltools.gnu-tools-for-stm32.12.3.rel1.macos64_1.0.100.202403111906/tools/bin/../lib/gcc/arm-none-eabi/12.3.1/thumb/v7e-m+fp/hard/libgcc.a
LOAD /Applications/STM32CubeIDE.app/Contents/Eclipse/plugins/com.st.stm32cube.ide.mcu.externaltools.gnu-tools-for-stm32.12.3.rel1.macos64_1.0.100.202403111906/tools/bin/../lib/gcc/arm-none-eabi/12.3.1/../../../../arm-none-eabi/lib/thumb/v7e-m+fp/hard/libc_nano.a
END GROUP
START GROUP
LOAD /Applications/STM32CubeIDE.app/Contents/Eclipse/plugins/com.st.stm32cube.ide.mcu.externaltools.gnu-tools-for-stm32.12.3.rel1.macos64_1.0.100.202403111906/tools/bin/../lib/gcc/arm-none-eabi/12.3.1/thumb/v7e-m+fp/hard/libgcc.a
LOAD /Applications/STM32CubeIDE.app/Contents/Eclipse/plugins/com.st.stm32cube.ide.mcu.externaltools.gnu-tools-for-stm32.12.3.rel1.macos64_1.0.100.202403111906/tools/bin/../lib/gcc/arm-none-eabi/12.3.1/../../../../arm-none-eabi/lib/thumb/v7e-m+fp/hard/libc_nano.a
LOAD /Applications/STM32CubeIDE.app/Contents/Eclipse/plugins/com.st.stm32cube.ide.mcu.externaltools.gnu-tools-for-stm32.12.3.rel1.macos64_1.0.100.202403111906/tools/bin/../lib/gcc/arm-none-eabi/12.3.1/../../../../arm-none-eabi/lib/thumb/v7e-m+fp/hard/libnosys.a
END GROUP
START GROUP
LOAD /Applications/STM32CubeIDE.app/Contents/Eclipse/plugins/com.st.stm32cube.ide.mcu.externaltools.gnu-tools-for-stm32.12.3.rel1.macos64_1.0.100.202403111906/tools/bin/../lib/gcc/arm-none-eabi/12.3.1/thumb/v7e-m+fp/hard/libgcc.a
LOAD /Applications/STM32CubeIDE.app/Contents/Eclipse/plugins/com.st.stm32cube.ide.mcu.externaltools.gnu-tools-for-stm32.12.3.rel1.macos64_1.0.100.202403111906/tools/bin/../lib/gcc/arm-none-eabi/12.3.1/../../../../arm-none-eabi/lib/thumb/v7e-m+fp/hard/libc_nano.a
LOAD /Applications/STM32CubeIDE.app/Contents/Eclipse/plugins/com.st.stm32cube.ide.mcu.externaltools.gnu-tools-for-stm32.12.3.rel1.macos64_1.0.100.202403111906/tools/bin/../lib/gcc/arm-none-eabi/12.3.1/../../../../arm-none-eabi/lib/thumb/v7e-m+fp/hard/libnosys.a
END GROUP
LOAD /Applications/STM32CubeIDE.app/Contents/Eclipse/plugins/com.st.stm32cube.ide.mcu.externaltools.gnu-tools-for-stm32.12.3.rel1.macos64_1.0.100.202403111906/tools/bin/../lib/gcc/arm-none-eabi/12.3.1/thumb/v7e-m+fp/hard/crtend.o
LOAD /Applications/STM32CubeIDE.app/Contents/Eclipse/plugins/com.st.stm32cube.ide.mcu.externaltools.gnu-tools-for-stm32.12.3.rel1.macos64_1.0.100.202403111906/tools/bin/../lib/gcc/arm-none-eabi/12.3.1/thumb/v7e-m+fp/hard/crtn.o
                0x2000a000                        _estack = (ORIGIN (RAM) + LENGTH (RAM))
                0x00000200                        _Min_Heap_Size = 0x200
                0x00000400                        _Min_Stack_Size = 0x400

.isr_vector     0x08000000      0x188
                0x08000000                        . = ALIGN (0x4)
 *(.isr_vector)
 .isr_vector    0x08000000      0x188 ./Core/Startup/startup_stm32f303vctx.o
                0x08000000                g_pfnVectors
                0x08000188                        . = ALIGN (0x4)

.text           0x08000188     0x4c8c
                0x08000188                        . = ALIGN (0x4)
 *(.text)
 .text          0x08000188       0x40 /Applications/STM32CubeIDE.app/Contents/Eclipse/plugins/com.st.stm32cube.ide.mcu.externaltools.gnu-tools-for-stm32.12.3.rel1.macos64_1.0.100.202403111906/tools/bin/../lib/gcc/arm-none-eabi/12.3.1/thumb/v7e-m+fp/hard/crtbegin.o
 *(.text*)
 .text.main     0x080001c8       0x50 ./Core/Src/main.o
                0x080001c8                main
 .text.SystemClock_Config
                0x08000218       0xcc ./Core/Src/main.o
                0x08000218                SystemClock_Config
 .text.MX_I2C1_Init
                0x080002e4       0x80 ./Core/Src/main.o
 .text.MX_SPI1_Init
                0x08000364       0x7c ./Core/Src/main.o
 .text.MX_TIM1_Init
                0x080003e0      0x1a0 ./Core/Src/main.o
 .text.MX_TIM2_Init
                0x08000580       0xa4 ./Core/Src/main.o
 .text.MX_USART1_UART_Init
                0x08000624       0x60 ./Core/Src/main.o
 .text.MX_USART2_UART_Init
                0x08000684       0x60 ./Core/Src/main.o
 .text.MX_USB_PCD_Init
                0x080006e4       0x44 ./Core/Src/main.o
 .text.MX_GPIO_Init
                0x08000728       0xfc ./Core/Src/main.o
 .text.Error_Handler
                0x08000824        0xc ./Core/Src/main.o
                0x08000824                Error_Handler
 .text.HAL_MspInit
                0x08000830       0x48 ./Core/Src/stm32f3xx_hal_msp.o
                0x08000830                HAL_MspInit
 .text.HAL_I2C_MspInit
                0x08000878       0x88 ./Core/Src/stm32f3xx_hal_msp.o
                0x08000878                HAL_I2C_MspInit
 .text.HAL_SPI_MspInit
                0x08000900       0x84 ./Core/Src/stm32f3xx_hal_msp.o
                0x08000900                HAL_SPI_MspInit
 .text.HAL_TIM_Base_MspInit
                0x08000984       0xbc ./Core/Src/stm32f3xx_hal_msp.o
                0x08000984                HAL_TIM_Base_MspInit
 .text.HAL_TIM_MspPostInit
                0x08000a40       0x70 ./Core/Src/stm32f3xx_hal_msp.o
                0x08000a40                HAL_TIM_MspPostInit
 .text.HAL_UART_MspInit
                0x08000ab0       0xe8 ./Core/Src/stm32f3xx_hal_msp.o
                0x08000ab0                HAL_UART_MspInit
 .text.HAL_PCD_MspInit
                0x08000b98       0x88 ./Core/Src/stm32f3xx_hal_msp.o
                0x08000b98                HAL_PCD_MspInit
 .text.NMI_Handler
                0x08000c20        0x8 ./Core/Src/stm32f3xx_it.o
                0x08000c20                NMI_Handler
 .text.HardFault_Handler
                0x08000c28        0x8 ./Core/Src/stm32f3xx_it.o
                0x08000c28                HardFault_Handler
 .text.MemManage_Handler
                0x08000c30        0x8 ./Core/Src/stm32f3xx_it.o
                0x08000c30                MemManage_Handler
 .text.BusFault_Handler
                0x08000c38        0x8 ./Core/Src/stm32f3xx_it.o
                0x08000c38                BusFault_Handler
 .text.UsageFault_Handler
                0x08000c40        0x8 ./Core/Src/stm32f3xx_it.o
                0x08000c40                UsageFault_Handler
 .text.SVC_Handler
                0x08000c48        0xe ./Core/Src/stm32f3xx_it.o
                0x08000c48                SVC_Handler
 .text.DebugMon_Handler
                0x08000c56        0xe ./Core/Src/stm32f3xx_it.o
                0x08000c56                DebugMon_Handler
 .text.PendSV_Handler
                0x08000c64        0xe ./Core/Src/stm32f3xx_it.o
                0x08000c64                PendSV_Handler
 .text.SysTick_Handler
                0x08000c72        0xc ./Core/Src/stm32f3xx_it.o
                0x08000c72                SysTick_Handler
 *fill*         0x08000c7e        0x2 
 .text.TIM2_IRQHandler
                0x08000c80       0x14 ./Core/Src/stm32f3xx_it.o
                0x08000c80                TIM2_IRQHandler
 .text.SystemInit
                0x08000c94       0x24 ./Core/Src/system_stm32f3xx.o
                0x08000c94                SystemInit
 .text.Reset_Handler
                0x08000cb8       0x50 ./Core/Startup/startup_stm32f303vctx.o
                0x08000cb8                Reset_Handler
 .text.Default_Handler
                0x08000d08        0x2 ./Core/Startup/startup_stm32f303vctx.o
                0x08000d08                TIM1_BRK_TIM15_IRQHandler
                0x08000d08                TIM8_TRG_COM_IRQHandler
                0x08000d08                TIM8_CC_IRQHandler
                0x08000d08                TIM1_CC_IRQHandler
                0x08000d08                USB_HP_IRQHandler
                0x08000d08                PVD_IRQHandler
                0x08000d08                TAMP_STAMP_IRQHandler
                0x08000d08                EXTI3_IRQHandler
                0x08000d08                USB_HP_CAN_TX_IRQHandler
                0x08000d08                EXTI0_IRQHandler
                0x08000d08                I2C2_EV_IRQHandler
                0x08000d08                FPU_IRQHandler
                0x08000d08                TIM1_UP_TIM16_IRQHandler
                0x08000d08                ADC1_2_IRQHandler
                0x08000d08                SPI1_IRQHandler
                0x08000d08                CAN_SCE_IRQHandler
                0x08000d08                TIM6_DAC_IRQHandler
                0x08000d08                TIM8_UP_IRQHandler
                0x08000d08                DMA2_Channel2_IRQHandler
                0x08000d08                DMA1_Channel4_IRQHandler
                0x08000d08                USART3_IRQHandler
                0x08000d08                DMA1_Channel7_IRQHandler
                0x08000d08                UART5_IRQHandler
                0x08000d08                ADC3_IRQHandler
                0x08000d08                TIM4_IRQHandler
                0x08000d08                CAN_RX1_IRQHandler
                0x08000d08                DMA2_Channel1_IRQHandler
                0x08000d08                I2C1_EV_IRQHandler
                0x08000d08                DMA1_Channel6_IRQHandler
                0x08000d08                UART4_IRQHandler
                0x08000d08                DMA2_Channel4_IRQHandler
                0x08000d08                TIM3_IRQHandler
                0x08000d08                RCC_IRQHandler
                0x08000d08                DMA1_Channel1_IRQHandler
                0x08000d08                Default_Handler
                0x08000d08                USBWakeUp_RMP_IRQHandler
                0x08000d08                EXTI15_10_IRQHandler
                0x08000d08                TIM7_IRQHandler
                0x08000d08                EXTI9_5_IRQHandler
                0x08000d08                RTC_WKUP_IRQHandler
                0x08000d08                SPI2_IRQHandler
                0x08000d08                USB_LP_CAN_RX0_IRQHandler
                0x08000d08                DMA2_Channel5_IRQHandler
                0x08000d08                DMA1_Channel5_IRQHandler
                0x08000d08                USB_LP_IRQHandler
                0x08000d08                EXTI4_IRQHandler
                0x08000d08                TIM1_TRG_COM_TIM17_IRQHandler
                0x08000d08                DMA1_Channel3_IRQHandler
                0x08000d08                ADC4_IRQHandler
                0x08000d08                WWDG_IRQHandler
                0x08000d08                COMP7_IRQHandler
                0x08000d08                COMP1_2_3_IRQHandler
                0x08000d08                EXTI1_IRQHandler
                0x08000d08                USART2_IRQHandler
                0x08000d08                COMP4_5_6_IRQHandler
                0x08000d08                I2C2_ER_IRQHandler
                0x08000d08                DMA1_Channel2_IRQHandler
                0x08000d08                TIM8_BRK_IRQHandler
                0x08000d08                FLASH_IRQHandler
                0x08000d08                USART1_IRQHandler
                0x08000d08                SPI3_IRQHandler
                0x08000d08                I2C1_ER_IRQHandler
                0x08000d08                USBWakeUp_IRQHandler
                0x08000d08                DMA2_Channel3_IRQHandler
                0x08000d08                EXTI2_TSC_IRQHandler
                0x08000d08                RTC_Alarm_IRQHandler
 *fill*         0x08000d0a        0x2 
 .text.HAL_Init
                0x08000d0c       0x2c ./Drivers/STM32F3xx_HAL_Driver/Src/stm32f3xx_hal.o
                0x08000d0c                HAL_Init
 .text.HAL_InitTick
                0x08000d38       0x60 ./Drivers/STM32F3xx_HAL_Driver/Src/stm32f3xx_hal.o
                0x08000d38                HAL_InitTick
 .text.HAL_IncTick
                0x08000d98       0x28 ./Drivers/STM32F3xx_HAL_Driver/Src/stm32f3xx_hal.o
                0x08000d98                HAL_IncTick
 .text.HAL_GetTick
                0x08000dc0       0x18 ./Drivers/STM32F3xx_HAL_Driver/Src/stm32f3xx_hal.o
                0x08000dc0                HAL_GetTick
 .text.__NVIC_SetPriorityGrouping
                0x08000dd8       0x48 ./Drivers/STM32F3xx_HAL_Driver/Src/stm32f3xx_hal_cortex.o
 .text.__NVIC_GetPriorityGrouping
                0x08000e20       0x1c ./Drivers/STM32F3xx_HAL_Driver/Src/stm32f3xx_hal_cortex.o
 .text.__NVIC_EnableIRQ
                0x08000e3c       0x3c ./Drivers/STM32F3xx_HAL_Driver/Src/stm32f3xx_hal_cortex.o
 .text.__NVIC_SetPriority
                0x08000e78       0x54 ./Drivers/STM32F3xx_HAL_Driver/Src/stm32f3xx_hal_cortex.o
 .text.NVIC_EncodePriority
                0x08000ecc       0x66 ./Drivers/STM32F3xx_HAL_Driver/Src/stm32f3xx_hal_cortex.o
 *fill*         0x08000f32        0x2 
 .text.SysTick_Config
                0x08000f34       0x44 ./Drivers/STM32F3xx_HAL_Driver/Src/stm32f3xx_hal_cortex.o
 .text.HAL_NVIC_SetPriorityGrouping
                0x08000f78       0x16 ./Drivers/STM32F3xx_HAL_Driver/Src/stm32f3xx_hal_cortex.o
                0x08000f78                HAL_NVIC_SetPriorityGrouping
 .text.HAL_NVIC_SetPriority
                0x08000f8e       0x38 ./Drivers/STM32F3xx_HAL_Driver/Src/stm32f3xx_hal_cortex.o
                0x08000f8e                HAL_NVIC_SetPriority
 .text.HAL_NVIC_EnableIRQ
                0x08000fc6       0x1c ./Drivers/STM32F3xx_HAL_Driver/Src/stm32f3xx_hal_cortex.o
                0x08000fc6                HAL_NVIC_EnableIRQ
 .text.HAL_SYSTICK_Config
                0x08000fe2       0x18 ./Drivers/STM32F3xx_HAL_Driver/Src/stm32f3xx_hal_cortex.o
                0x08000fe2                HAL_SYSTICK_Config
 *fill*         0x08000ffa        0x2 
 .text.HAL_GPIO_Init
                0x08000ffc      0x2f4 ./Drivers/STM32F3xx_HAL_Driver/Src/stm32f3xx_hal_gpio.o
                0x08000ffc                HAL_GPIO_Init
 .text.HAL_GPIO_WritePin
                0x080012f0       0x30 ./Drivers/STM32F3xx_HAL_Driver/Src/stm32f3xx_hal_gpio.o
                0x080012f0                HAL_GPIO_WritePin
 .text.HAL_I2C_Init
                0x08001320      0x136 ./Drivers/STM32F3xx_HAL_Driver/Src/stm32f3xx_hal_i2c.o
                0x08001320                HAL_I2C_Init
 .text.HAL_I2CEx_ConfigAnalogFilter
                0x08001456       0x96 ./Drivers/STM32F3xx_HAL_Driver/Src/stm32f3xx_hal_i2c_ex.o
                0x08001456                HAL_I2CEx_ConfigAnalogFilter
 .text.HAL_I2CEx_ConfigDigitalFilter
                0x080014ec       0x98 ./Drivers/STM32F3xx_HAL_Driver/Src/stm32f3xx_hal_i2c_ex.o
                0x080014ec                HAL_I2CEx_ConfigDigitalFilter
 .text.HAL_PCD_Init
                0x08001584      0x18e ./Drivers/STM32F3xx_HAL_Driver/Src/stm32f3xx_hal_pcd.o
                0x08001584                HAL_PCD_Init
 *fill*         0x08001712        0x2 
 .text.HAL_RCC_OscConfig
                0x08001714     0x107c ./Drivers/STM32F3xx_HAL_Driver/Src/stm32f3xx_hal_rcc.o
                0x08001714                HAL_RCC_OscConfig
 .text.HAL_RCC_ClockConfig
                0x08002790      0x2f8 ./Drivers/STM32F3xx_HAL_Driver/Src/stm32f3xx_hal_rcc.o
                0x08002790                HAL_RCC_ClockConfig
 .text.HAL_RCC_GetSysClockFreq
                0x08002a88       0xa8 ./Drivers/STM32F3xx_HAL_Driver/Src/stm32f3xx_hal_rcc.o
                0x08002a88                HAL_RCC_GetSysClockFreq
 .text.HAL_RCC_GetHCLKFreq
                0x08002b30       0x18 ./Drivers/STM32F3xx_HAL_Driver/Src/stm32f3xx_hal_rcc.o
                0x08002b30                HAL_RCC_GetHCLKFreq
 .text.HAL_RCC_GetPCLK1Freq
                0x08002b48       0x44 ./Drivers/STM32F3xx_HAL_Driver/Src/stm32f3xx_hal_rcc.o
                0x08002b48                HAL_RCC_GetPCLK1Freq
 .text.HAL_RCC_GetPCLK2Freq
                0x08002b8c       0x44 ./Drivers/STM32F3xx_HAL_Driver/Src/stm32f3xx_hal_rcc.o
                0x08002b8c                HAL_RCC_GetPCLK2Freq
 .text.HAL_RCCEx_PeriphCLKConfig
                0x08002bd0      0x360 ./Drivers/STM32F3xx_HAL_Driver/Src/stm32f3xx_hal_rcc_ex.o
                0x08002bd0                HAL_RCCEx_PeriphCLKConfig
 .text.HAL_SPI_Init
                0x08002f30      0x156 ./Drivers/STM32F3xx_HAL_Driver/Src/stm32f3xx_hal_spi.o
                0x08002f30                HAL_SPI_Init
 .text.HAL_TIM_Base_Init
                0x08003086       0xae ./Drivers/STM32F3xx_HAL_Driver/Src/stm32f3xx_hal_tim.o
                0x08003086                HAL_TIM_Base_Init
 .text.HAL_TIM_PWM_Init
                0x08003134       0xae ./Drivers/STM32F3xx_HAL_Driver/Src/stm32f3xx_hal_tim.o
                0x08003134                HAL_TIM_PWM_Init
 .text.HAL_TIM_PWM_MspInit
                0x080031e2       0x14 ./Drivers/STM32F3xx_HAL_Driver/Src/stm32f3xx_hal_tim.o
                0x080031e2                HAL_TIM_PWM_MspInit
 *fill*         0x080031f6        0x2 
 .text.HAL_TIM_PWM_Start
                0x080031f8      0x200 ./Drivers/STM32F3xx_HAL_Driver/Src/stm32f3xx_hal_tim.o
                0x080031f8                HAL_TIM_PWM_Start
 .text.HAL_TIM_IRQHandler
                0x080033f8      0x204 ./Drivers/STM32F3xx_HAL_Driver/Src/stm32f3xx_hal_tim.o
                0x080033f8                HAL_TIM_IRQHandler
 .text.HAL_TIM_PWM_ConfigChannel
                0x080035fc      0x228 ./Drivers/STM32F3xx_HAL_Driver/Src/stm32f3xx_hal_tim.o
                0x080035fc                HAL_TIM_PWM_ConfigChannel
 .text.HAL_TIM_ConfigClockSource
                0x08003824      0x192 ./Drivers/STM32F3xx_HAL_Driver/Src/stm32f3xx_hal_tim.o
                0x08003824                HAL_TIM_ConfigClockSource
 .text.HAL_TIM_PeriodElapsedCallback
                0x080039b6       0x14 ./Drivers/STM32F3xx_HAL_Driver/Src/stm32f3xx_hal_tim.o
                0x080039b6                HAL_TIM_PeriodElapsedCallback
 .text.HAL_TIM_OC_DelayElapsedCallback
                0x080039ca       0x14 ./Drivers/STM32F3xx_HAL_Driver/Src/stm32f3xx_hal_tim.o
                0x080039ca                HAL_TIM_OC_DelayElapsedCallback
 .text.HAL_TIM_IC_CaptureCallback
                0x080039de       0x14 ./Drivers/STM32F3xx_HAL_Driver/Src/stm32f3xx_hal_tim.o
                0x080039de                HAL_TIM_IC_CaptureCallback
 .text.HAL_TIM_PWM_PulseFinishedCallback
                0x080039f2       0x14 ./Drivers/STM32F3xx_HAL_Driver/Src/stm32f3xx_hal_tim.o
                0x080039f2                HAL_TIM_PWM_PulseFinishedCallback
 .text.HAL_TIM_TriggerCallback
                0x08003a06       0x14 ./Drivers/STM32F3xx_HAL_Driver/Src/stm32f3xx_hal_tim.o
                0x08003a06                HAL_TIM_TriggerCallback
 *fill*         0x08003a1a        0x2 
 .text.TIM_Base_SetConfig
                0x08003a1c      0x138 ./Drivers/STM32F3xx_HAL_Driver/Src/stm32f3xx_hal_tim.o
                0x08003a1c                TIM_Base_SetConfig
 .text.TIM_OC1_SetConfig
                0x08003b54      0x120 ./Drivers/STM32F3xx_HAL_Driver/Src/stm32f3xx_hal_tim.o
 .text.TIM_OC2_SetConfig
                0x08003c74      0x114 ./Drivers/STM32F3xx_HAL_Driver/Src/stm32f3xx_hal_tim.o
                0x08003c74                TIM_OC2_SetConfig
 .text.TIM_OC3_SetConfig
                0x08003d88      0x110 ./Drivers/STM32F3xx_HAL_Driver/Src/stm32f3xx_hal_tim.o
 .text.TIM_OC4_SetConfig
                0x08003e98       0xd4 ./Drivers/STM32F3xx_HAL_Driver/Src/stm32f3xx_hal_tim.o
 .text.TIM_OC5_SetConfig
                0x08003f6c       0xc8 ./Drivers/STM32F3xx_HAL_Driver/Src/stm32f3xx_hal_tim.o
 .text.TIM_OC6_SetConfig
                0x08004034       0xcc ./Drivers/STM32F3xx_HAL_Driver/Src/stm32f3xx_hal_tim.o
 .text.TIM_TI1_ConfigInputStage
                0x08004100       0x5e ./Drivers/STM32F3xx_HAL_Driver/Src/stm32f3xx_hal_tim.o
 .text.TIM_TI2_ConfigInputStage
                0x0800415e       0x60 ./Drivers/STM32F3xx_HAL_Driver/Src/stm32f3xx_hal_tim.o
 .text.TIM_ITRx_SetConfig
                0x080041be       0x36 ./Drivers/STM32F3xx_HAL_Driver/Src/stm32f3xx_hal_tim.o
 .text.TIM_ETR_SetConfig
                0x080041f4       0x40 ./Drivers/STM32F3xx_HAL_Driver/Src/stm32f3xx_hal_tim.o
                0x080041f4                TIM_ETR_SetConfig
 .text.TIM_CCxChannelCmd
                0x08004234       0x4a ./Drivers/STM32F3xx_HAL_Driver/Src/stm32f3xx_hal_tim.o
                0x08004234                TIM_CCxChannelCmd
 *fill*         0x0800427e        0x2 
 .text.HAL_TIMEx_MasterConfigSynchronization
                0x08004280      0x100 ./Drivers/STM32F3xx_HAL_Driver/Src/stm32f3xx_hal_tim_ex.o
                0x08004280                HAL_TIMEx_MasterConfigSynchronization
 .text.HAL_TIMEx_ConfigBreakDeadTime
                0x08004380       0xfc ./Drivers/STM32F3xx_HAL_Driver/Src/stm32f3xx_hal_tim_ex.o
                0x08004380                HAL_TIMEx_ConfigBreakDeadTime
 .text.HAL_TIMEx_CommutCallback
                0x0800447c       0x14 ./Drivers/STM32F3xx_HAL_Driver/Src/stm32f3xx_hal_tim_ex.o
                0x0800447c                HAL_TIMEx_CommutCallback
 .text.HAL_TIMEx_BreakCallback
                0x08004490       0x14 ./Drivers/STM32F3xx_HAL_Driver/Src/stm32f3xx_hal_tim_ex.o
                0x08004490                HAL_TIMEx_BreakCallback
 .text.HAL_TIMEx_Break2Callback
                0x080044a4       0x14 ./Drivers/STM32F3xx_HAL_Driver/Src/stm32f3xx_hal_tim_ex.o
                0x080044a4                HAL_TIMEx_Break2Callback
 .text.HAL_UART_Init
                0x080044b8       0x9c ./Drivers/STM32F3xx_HAL_Driver/Src/stm32f3xx_hal_uart.o
                0x080044b8                HAL_UART_Init
 .text.UART_SetConfig
                0x08004554      0x3a8 ./Drivers/STM32F3xx_HAL_Driver/Src/stm32f3xx_hal_uart.o
                0x08004554                UART_SetConfig
 .text.UART_AdvFeatureConfig
                0x080048fc      0x144 ./Drivers/STM32F3xx_HAL_Driver/Src/stm32f3xx_hal_uart.o
                0x080048fc                UART_AdvFeatureConfig
 .text.UART_CheckIdleState
                0x08004a40      0x150 ./Drivers/STM32F3xx_HAL_Driver/Src/stm32f3xx_hal_uart.o
                0x08004a40                UART_CheckIdleState
 .text.UART_WaitOnFlagUntilTimeout
                0x08004b90       0xda ./Drivers/STM32F3xx_HAL_Driver/Src/stm32f3xx_hal_uart.o
                0x08004b90                UART_WaitOnFlagUntilTimeout
 .text.UART_EndRxTransfer
                0x08004c6a       0xc8 ./Drivers/STM32F3xx_HAL_Driver/Src/stm32f3xx_hal_uart.o
 .text.USB_DisableGlobalInt
                0x08004d32       0x36 ./Drivers/STM32F3xx_HAL_Driver/Src/stm32f3xx_ll_usb.o
                0x08004d32                USB_DisableGlobalInt
 .text.USB_DevInit
                0x08004d68       0x3c ./Drivers/STM32F3xx_HAL_Driver/Src/stm32f3xx_ll_usb.o
                0x08004d68                USB_DevInit
 .text.memset   0x08004da4       0x10 /Applications/STM32CubeIDE.app/Contents/Eclipse/plugins/com.st.stm32cube.ide.mcu.externaltools.gnu-tools-for-stm32.12.3.rel1.macos64_1.0.100.202403111906/tools/bin/../lib/gcc/arm-none-eabi/12.3.1/../../../../arm-none-eabi/lib/thumb/v7e-m+fp/hard/libc_nano.a(libc_a-memset.o)
                0x08004da4                memset
 .text.__libc_init_array
                0x08004db4       0x48 /Applications/STM32CubeIDE.app/Contents/Eclipse/plugins/com.st.stm32cube.ide.mcu.externaltools.gnu-tools-for-stm32.12.3.rel1.macos64_1.0.100.202403111906/tools/bin/../lib/gcc/arm-none-eabi/12.3.1/../../../../arm-none-eabi/lib/thumb/v7e-m+fp/hard/libc_nano.a(libc_a-init.o)
                0x08004db4                __libc_init_array
 *(.glue_7)
 .glue_7        0x08004dfc        0x0 linker stubs
 *(.glue_7t)
 .glue_7t       0x08004dfc        0x0 linker stubs
 *(.eh_frame)
 .eh_frame      0x08004dfc        0x0 /Applications/STM32CubeIDE.app/Contents/Eclipse/plugins/com.st.stm32cube.ide.mcu.externaltools.gnu-tools-for-stm32.12.3.rel1.macos64_1.0.100.202403111906/tools/bin/../lib/gcc/arm-none-eabi/12.3.1/thumb/v7e-m+fp/hard/crtbegin.o
 *(.init)
 .init          0x08004dfc        0x4 /Applications/STM32CubeIDE.app/Contents/Eclipse/plugins/com.st.stm32cube.ide.mcu.externaltools.gnu-tools-for-stm32.12.3.rel1.macos64_1.0.100.202403111906/tools/bin/../lib/gcc/arm-none-eabi/12.3.1/thumb/v7e-m+fp/hard/crti.o
                0x08004dfc                _init
 .init          0x08004e00        0x8 /Applications/STM32CubeIDE.app/Contents/Eclipse/plugins/com.st.stm32cube.ide.mcu.externaltools.gnu-tools-for-stm32.12.3.rel1.macos64_1.0.100.202403111906/tools/bin/../lib/gcc/arm-none-eabi/12.3.1/thumb/v7e-m+fp/hard/crtn.o
 *(.fini)
 .fini          0x08004e08        0x4 /Applications/STM32CubeIDE.app/Contents/Eclipse/plugins/com.st.stm32cube.ide.mcu.externaltools.gnu-tools-for-stm32.12.3.rel1.macos64_1.0.100.202403111906/tools/bin/../lib/gcc/arm-none-eabi/12.3.1/thumb/v7e-m+fp/hard/crti.o
                0x08004e08                _fini
 .fini          0x08004e0c        0x8 /Applications/STM32CubeIDE.app/Contents/Eclipse/plugins/com.st.stm32cube.ide.mcu.externaltools.gnu-tools-for-stm32.12.3.rel1.macos64_1.0.100.202403111906/tools/bin/../lib/gcc/arm-none-eabi/12.3.1/thumb/v7e-m+fp/hard/crtn.o
                0x08004e14                        . = ALIGN (0x4)
                0x08004e14                        _etext = .

.vfp11_veneer   0x08004e14        0x0
 .vfp11_veneer  0x08004e14        0x0 linker stubs

.v4_bx          0x08004e14        0x0
 .v4_bx         0x08004e14        0x0 linker stubs

.iplt           0x08004e14        0x0
 .iplt          0x08004e14        0x0 /Applications/STM32CubeIDE.app/Contents/Eclipse/plugins/com.st.stm32cube.ide.mcu.externaltools.gnu-tools-for-stm32.12.3.rel1.macos64_1.0.100.202403111906/tools/bin/../lib/gcc/arm-none-eabi/12.3.1/thumb/v7e-m+fp/hard/crtbegin.o

.rodata         0x08004e14       0x38
                0x08004e14                        . = ALIGN (0x4)
 *(.rodata)
 *(.rodata*)
 .rodata.AHBPrescTable
                0x08004e14       0x10 ./Core/Src/system_stm32f3xx.o
                0x08004e14                AHBPrescTable
 .rodata.APBPrescTable
                0x08004e24        0x8 ./Core/Src/system_stm32f3xx.o
                0x08004e24                APBPrescTable
 .rodata.aPLLMULFactorTable
                0x08004e2c       0x10 ./Drivers/STM32F3xx_HAL_Driver/Src/stm32f3xx_hal_rcc.o
 .rodata.aPredivFactorTable
                0x08004e3c       0x10 ./Drivers/STM32F3xx_HAL_Driver/Src/stm32f3xx_hal_rcc.o
                0x08004e4c                        . = ALIGN (0x4)

.ARM.extab      0x08004e4c        0x0
                0x08004e4c                        . = ALIGN (0x4)
 *(.ARM.extab* .gnu.linkonce.armextab.*)
                0x08004e4c                        . = ALIGN (0x4)

.ARM            0x08004e4c        0x0
                0x08004e4c                        . = ALIGN (0x4)
                0x08004e4c                        __exidx_start = .
 *(.ARM.exidx*)
                0x08004e4c                        __exidx_end = .
                0x08004e4c                        . = ALIGN (0x4)

.preinit_array  0x08004e4c        0x0
                0x08004e4c                        . = ALIGN (0x4)
                0x08004e4c                        PROVIDE (__preinit_array_start = .)
 *(.preinit_array*)
                0x08004e4c                        PROVIDE (__preinit_array_end = .)
                0x08004e4c                        . = ALIGN (0x4)

.init_array     0x08004e4c        0x4
                0x08004e4c                        . = ALIGN (0x4)
                0x08004e4c                        PROVIDE (__init_array_start = .)
 *(SORT_BY_NAME(.init_array.*))
 *(.init_array*)
 .init_array    0x08004e4c        0x4 /Applications/STM32CubeIDE.app/Contents/Eclipse/plugins/com.st.stm32cube.ide.mcu.externaltools.gnu-tools-for-stm32.12.3.rel1.macos64_1.0.100.202403111906/tools/bin/../lib/gcc/arm-none-eabi/12.3.1/thumb/v7e-m+fp/hard/crtbegin.o
                0x08004e50                        PROVIDE (__init_array_end = .)
                0x08004e50                        . = ALIGN (0x4)

.fini_array     0x08004e50        0x4
                0x08004e50                        . = ALIGN (0x4)
                [!provide]                        PROVIDE (__fini_array_start = .)
 *(SORT_BY_NAME(.fini_array.*))
 *(.fini_array*)
 .fini_array    0x08004e50        0x4 /Applications/STM32CubeIDE.app/Contents/Eclipse/plugins/com.st.stm32cube.ide.mcu.externaltools.gnu-tools-for-stm32.12.3.rel1.macos64_1.0.100.202403111906/tools/bin/../lib/gcc/arm-none-eabi/12.3.1/thumb/v7e-m+fp/hard/crtbegin.o
                [!provide]                        PROVIDE (__fini_array_end = .)
                0x08004e54                        . = ALIGN (0x4)
                0x08004e54                        _sidata = LOADADDR (.data)

.rel.dyn        0x08004e54        0x0
 .rel.iplt      0x08004e54        0x0 /Applications/STM32CubeIDE.app/Contents/Eclipse/plugins/com.st.stm32cube.ide.mcu.externaltools.gnu-tools-for-stm32.12.3.rel1.macos64_1.0.100.202403111906/tools/bin/../lib/gcc/arm-none-eabi/12.3.1/thumb/v7e-m+fp/hard/crtbegin.o

.data           0x20000000        0xc load address 0x08004e54
                0x20000000                        . = ALIGN (0x4)
                0x20000000                        _sdata = .
 *(.data)
 *(.data*)
 .data.SystemCoreClock
                0x20000000        0x4 ./Core/Src/system_stm32f3xx.o
                0x20000000                SystemCoreClock
 .data.uwTickPrio
                0x20000004        0x4 ./Drivers/STM32F3xx_HAL_Driver/Src/stm32f3xx_hal.o
                0x20000004                uwTickPrio
 .data.uwTickFreq
                0x20000008        0x1 ./Drivers/STM32F3xx_HAL_Driver/Src/stm32f3xx_hal.o
                0x20000008                uwTickFreq
 *(.RamFunc)
 *(.RamFunc*)
                0x2000000c                        . = ALIGN (0x4)
 *fill*         0x20000009        0x3 
                0x2000000c                        _edata = .
                0x08004e60                        _siccmram = LOADADDR (.ccmram)

.igot.plt       0x2000000c        0x0 load address 0x08004e60
 .igot.plt      0x2000000c        0x0 /Applications/STM32CubeIDE.app/Contents/Eclipse/plugins/com.st.stm32cube.ide.mcu.externaltools.gnu-tools-for-stm32.12.3.rel1.macos64_1.0.100.202403111906/tools/bin/../lib/gcc/arm-none-eabi/12.3.1/thumb/v7e-m+fp/hard/crtbegin.o

.ccmram         0x10000000        0x0 load address 0x08004e60
                0x10000000                        . = ALIGN (0x4)
                0x10000000                        _sccmram = .
 *(.ccmram)
 *(.ccmram*)
                0x10000000                        . = ALIGN (0x4)
                0x10000000                        _eccmram = .
                0x10000000                        . = ALIGN (0x4)

.bss            0x2000000c      0x554
                0x2000000c                        _sbss = .
                0x2000000c                        __bss_start__ = _sbss
 *(.bss)
 .bss           0x2000000c       0x1c /Applications/STM32CubeIDE.app/Contents/Eclipse/plugins/com.st.stm32cube.ide.mcu.externaltools.gnu-tools-for-stm32.12.3.rel1.macos64_1.0.100.202403111906/tools/bin/../lib/gcc/arm-none-eabi/12.3.1/thumb/v7e-m+fp/hard/crtbegin.o
 *(.bss*)
 .bss.hi2c1     0x20000028       0x54 ./Core/Src/main.o
                0x20000028                hi2c1
 .bss.hspi1     0x2000007c       0x64 ./Core/Src/main.o
                0x2000007c                hspi1
 .bss.htim1     0x200000e0       0x4c ./Core/Src/main.o
                0x200000e0                htim1
 .bss.htim2     0x2000012c       0x4c ./Core/Src/main.o
                0x2000012c                htim2
 .bss.huart1    0x20000178       0x88 ./Core/Src/main.o
                0x20000178                huart1
 .bss.huart2    0x20000200       0x88 ./Core/Src/main.o
                0x20000200                huart2
 .bss.hpcd_USB_FS
                0x20000288      0x2d4 ./Core/Src/main.o
                0x20000288                hpcd_USB_FS
 .bss.uwTick    0x2000055c        0x4 ./Drivers/STM32F3xx_HAL_Driver/Src/stm32f3xx_hal.o
                0x2000055c                uwTick
 *(COMMON)
                0x20000560                        . = ALIGN (0x4)
                0x20000560                        _ebss = .
                0x20000560                        __bss_end__ = _ebss

._user_heap_stack
                0x20000560      0x600
                0x20000560                        . = ALIGN (0x8)
                [!provide]                        PROVIDE (end = .)
                0x20000560                        PROVIDE (_end = .)
                0x20000760                        . = (. + _Min_Heap_Size)
 *fill*         0x20000560      0x200 
                0x20000b60                        . = (. + _Min_Stack_Size)
 *fill*         0x20000760      0x400 
                0x20000b60                        . = ALIGN (0x8)

/DISCARD/
 libc.a(*)
 libm.a(*)
 libgcc.a(*)

.ARM.attributes
                0x00000000       0x30
 *(.ARM.attributes)
 .ARM.attributes
                0x00000000       0x22 /Applications/STM32CubeIDE.app/Contents/Eclipse/plugins/com.st.stm32cube.ide.mcu.externaltools.gnu-tools-for-stm32.12.3.rel1.macos64_1.0.100.202403111906/tools/bin/../lib/gcc/arm-none-eabi/12.3.1/thumb/v7e-m+fp/hard/crti.o
 .ARM.attributes
                0x00000022       0x34 /Applications/STM32CubeIDE.app/Contents/Eclipse/plugins/com.st.stm32cube.ide.mcu.externaltools.gnu-tools-for-stm32.12.3.rel1.macos64_1.0.100.202403111906/tools/bin/../lib/gcc/arm-none-eabi/12.3.1/thumb/v7e-m+fp/hard/crtbegin.o
 .ARM.attributes
                0x00000056       0x34 ./Core/Src/main.o
 .ARM.attributes
                0x0000008a       0x34 ./Core/Src/stm32f3xx_hal_msp.o
 .ARM.attributes
                0x000000be       0x34 ./Core/Src/stm32f3xx_it.o
 .ARM.attributes
                0x000000f2       0x34 ./Core/Src/system_stm32f3xx.o
 .ARM.attributes
                0x00000126       0x21 ./Core/Startup/startup_stm32f303vctx.o
 .ARM.attributes
                0x00000147       0x34 ./Drivers/STM32F3xx_HAL_Driver/Src/stm32f3xx_hal.o
 .ARM.attributes
                0x0000017b       0x34 ./Drivers/STM32F3xx_HAL_Driver/Src/stm32f3xx_hal_cortex.o
 .ARM.attributes
                0x000001af       0x34 ./Drivers/STM32F3xx_HAL_Driver/Src/stm32f3xx_hal_gpio.o
 .ARM.attributes
                0x000001e3       0x34 ./Drivers/STM32F3xx_HAL_Driver/Src/stm32f3xx_hal_i2c.o
 .ARM.attributes
                0x00000217       0x34 ./Drivers/STM32F3xx_HAL_Driver/Src/stm32f3xx_hal_i2c_ex.o
 .ARM.attributes
                0x0000024b       0x34 ./Drivers/STM32F3xx_HAL_Driver/Src/stm32f3xx_hal_pcd.o
 .ARM.attributes
                0x0000027f       0x34 ./Drivers/STM32F3xx_HAL_Driver/Src/stm32f3xx_hal_rcc.o
 .ARM.attributes
                0x000002b3       0x34 ./Drivers/STM32F3xx_HAL_Driver/Src/stm32f3xx_hal_rcc_ex.o
 .ARM.attributes
                0x000002e7       0x34 ./Drivers/STM32F3xx_HAL_Driver/Src/stm32f3xx_hal_spi.o
 .ARM.attributes
                0x0000031b       0x34 ./Drivers/STM32F3xx_HAL_Driver/Src/stm32f3xx_hal_tim.o
 .ARM.attributes
                0x0000034f       0x34 ./Drivers/STM32F3xx_HAL_Driver/Src/stm32f3xx_hal_tim_ex.o
 .ARM.attributes
                0x00000383       0x34 ./Drivers/STM32F3xx_HAL_Driver/Src/stm32f3xx_hal_uart.o
 .ARM.attributes
                0x000003b7       0x34 ./Drivers/STM32F3xx_HAL_Driver/Src/stm32f3xx_ll_usb.o
 .ARM.attributes
                0x000003eb       0x34 /Applications/STM32CubeIDE.app/Contents/Eclipse/plugins/com.st.stm32cube.ide.mcu.externaltools.gnu-tools-for-stm32.12.3.rel1.macos64_1.0.100.202403111906/tools/bin/../lib/gcc/arm-none-eabi/12.3.1/../../../../arm-none-eabi/lib/thumb/v7e-m+fp/hard/libc_nano.a(libc_a-memset.o)
 .ARM.attributes
                0x0000041f       0x34 /Applications/STM32CubeIDE.app/Contents/Eclipse/plugins/com.st.stm32cube.ide.mcu.externaltools.gnu-tools-for-stm32.12.3.rel1.macos64_1.0.100.202403111906/tools/bin/../lib/gcc/arm-none-eabi/12.3.1/../../../../arm-none-eabi/lib/thumb/v7e-m+fp/hard/libc_nano.a(libc_a-init.o)
 .ARM.attributes
                0x00000453       0x22 /Applications/STM32CubeIDE.app/Contents/Eclipse/plugins/com.st.stm32cube.ide.mcu.externaltools.gnu-tools-for-stm32.12.3.rel1.macos64_1.0.100.202403111906/tools/bin/../lib/gcc/arm-none-eabi/12.3.1/thumb/v7e-m+fp/hard/crtn.o
OUTPUT(Laser_Projector.elf elf32-littlearm)
LOAD linker stubs
LOAD /Applications/STM32CubeIDE.app/Contents/Eclipse/plugins/com.st.stm32cube.ide.mcu.externaltools.gnu-tools-for-stm32.12.3.rel1.macos64_1.0.100.202403111906/tools/bin/../lib/gcc/arm-none-eabi/12.3.1/../../../../arm-none-eabi/lib/thumb/v7e-m+fp/hard/libc.a
LOAD /Applications/STM32CubeIDE.app/Contents/Eclipse/plugins/com.st.stm32cube.ide.mcu.externaltools.gnu-tools-for-stm32.12.3.rel1.macos64_1.0.100.202403111906/tools/bin/../lib/gcc/arm-none-eabi/12.3.1/../../../../arm-none-eabi/lib/thumb/v7e-m+fp/hard/libm.a
LOAD /Applications/STM32CubeIDE.app/Contents/Eclipse/plugins/com.st.stm32cube.ide.mcu.externaltools.gnu-tools-for-stm32.12.3.rel1.macos64_1.0.100.202403111906/tools/bin/../lib/gcc/arm-none-eabi/12.3.1/thumb/v7e-m+fp/hard/libgcc.a

.debug_info     0x00000000    0x16610
 .debug_info    0x00000000     0x2558 ./Core/Src/main.o
 .debug_info    0x00002558     0x1b7d ./Core/Src/stm32f3xx_hal_msp.o
 .debug_info    0x000040d5      0x6df ./Core/Src/stm32f3xx_it.o
 .debug_info    0x000047b4      0x407 ./Core/Src/system_stm32f3xx.o
 .debug_info    0x00004bbb       0x30 ./Core/Startup/startup_stm32f303vctx.o
 .debug_info    0x00004beb      0x7d4 ./Drivers/STM32F3xx_HAL_Driver/Src/stm32f3xx_hal.o
 .debug_info    0x000053bf      0xce4 ./Drivers/STM32F3xx_HAL_Driver/Src/stm32f3xx_hal_cortex.o
 .debug_info    0x000060a3      0x5fe ./Drivers/STM32F3xx_HAL_Driver/Src/stm32f3xx_hal_gpio.o
 .debug_info    0x000066a1     0x20c3 ./Drivers/STM32F3xx_HAL_Driver/Src/stm32f3xx_hal_i2c.o
 .debug_info    0x00008764      0x818 ./Drivers/STM32F3xx_HAL_Driver/Src/stm32f3xx_hal_i2c_ex.o
 .debug_info    0x00008f7c     0x166f ./Drivers/STM32F3xx_HAL_Driver/Src/stm32f3xx_hal_pcd.o
 .debug_info    0x0000a5eb     0x148a ./Drivers/STM32F3xx_HAL_Driver/Src/stm32f3xx_hal_rcc.o
 .debug_info    0x0000ba75      0x5b9 ./Drivers/STM32F3xx_HAL_Driver/Src/stm32f3xx_hal_rcc_ex.o
 .debug_info    0x0000c02e     0x1622 ./Drivers/STM32F3xx_HAL_Driver/Src/stm32f3xx_hal_spi.o
 .debug_info    0x0000d650     0x2a70 ./Drivers/STM32F3xx_HAL_Driver/Src/stm32f3xx_hal_tim.o
 .debug_info    0x000100c0     0x156d ./Drivers/STM32F3xx_HAL_Driver/Src/stm32f3xx_hal_tim_ex.o
 .debug_info    0x0001162d     0x39a8 ./Drivers/STM32F3xx_HAL_Driver/Src/stm32f3xx_hal_uart.o
 .debug_info    0x00014fd5     0x163b ./Drivers/STM32F3xx_HAL_Driver/Src/stm32f3xx_ll_usb.o

.debug_abbrev   0x00000000     0x27c7
 .debug_abbrev  0x00000000      0x331 ./Core/Src/main.o
 .debug_abbrev  0x00000331      0x231 ./Core/Src/stm32f3xx_hal_msp.o
 .debug_abbrev  0x00000562      0x192 ./Core/Src/stm32f3xx_it.o
 .debug_abbrev  0x000006f4      0x11a ./Core/Src/system_stm32f3xx.o
 .debug_abbrev  0x0000080e       0x24 ./Core/Startup/startup_stm32f303vctx.o
 .debug_abbrev  0x00000832      0x215 ./Drivers/STM32F3xx_HAL_Driver/Src/stm32f3xx_hal.o
 .debug_abbrev  0x00000a47      0x31e ./Drivers/STM32F3xx_HAL_Driver/Src/stm32f3xx_hal_cortex.o
 .debug_abbrev  0x00000d65      0x1ca ./Drivers/STM32F3xx_HAL_Driver/Src/stm32f3xx_hal_gpio.o
 .debug_abbrev  0x00000f2f      0x260 ./Drivers/STM32F3xx_HAL_Driver/Src/stm32f3xx_hal_i2c.o
 .debug_abbrev  0x0000118f      0x1c2 ./Drivers/STM32F3xx_HAL_Driver/Src/stm32f3xx_hal_i2c_ex.o
 .debug_abbrev  0x00001351      0x2d9 ./Drivers/STM32F3xx_HAL_Driver/Src/stm32f3xx_hal_pcd.o
 .debug_abbrev  0x0000162a      0x300 ./Drivers/STM32F3xx_HAL_Driver/Src/stm32f3xx_hal_rcc.o
 .debug_abbrev  0x0000192a      0x221 ./Drivers/STM32F3xx_HAL_Driver/Src/stm32f3xx_hal_rcc_ex.o
 .debug_abbrev  0x00001b4b      0x269 ./Drivers/STM32F3xx_HAL_Driver/Src/stm32f3xx_hal_spi.o
 .debug_abbrev  0x00001db4      0x278 ./Drivers/STM32F3xx_HAL_Driver/Src/stm32f3xx_hal_tim.o
 .debug_abbrev  0x0000202c      0x283 ./Drivers/STM32F3xx_HAL_Driver/Src/stm32f3xx_hal_tim_ex.o
 .debug_abbrev  0x000022af      0x2d1 ./Drivers/STM32F3xx_HAL_Driver/Src/stm32f3xx_hal_uart.o
 .debug_abbrev  0x00002580      0x247 ./Drivers/STM32F3xx_HAL_Driver/Src/stm32f3xx_ll_usb.o

.debug_aranges  0x00000000     0x1310
 .debug_aranges
                0x00000000       0x78 ./Core/Src/main.o
 .debug_aranges
                0x00000078       0x78 ./Core/Src/stm32f3xx_hal_msp.o
 .debug_aranges
                0x000000f0       0x68 ./Core/Src/stm32f3xx_it.o
 .debug_aranges
                0x00000158       0x28 ./Core/Src/system_stm32f3xx.o
 .debug_aranges
                0x00000180       0x28 ./Core/Startup/startup_stm32f303vctx.o
 .debug_aranges
                0x000001a8       0xe0 ./Drivers/STM32F3xx_HAL_Driver/Src/stm32f3xx_hal.o
 .debug_aranges
                0x00000288      0x128 ./Drivers/STM32F3xx_HAL_Driver/Src/stm32f3xx_hal_cortex.o
 .debug_aranges
                0x000003b0       0x58 ./Drivers/STM32F3xx_HAL_Driver/Src/stm32f3xx_hal_gpio.o
 .debug_aranges
                0x00000408      0x2a0 ./Drivers/STM32F3xx_HAL_Driver/Src/stm32f3xx_hal_i2c.o
 .debug_aranges
                0x000006a8       0x48 ./Drivers/STM32F3xx_HAL_Driver/Src/stm32f3xx_hal_i2c_ex.o
 .debug_aranges
                0x000006f0      0x140 ./Drivers/STM32F3xx_HAL_Driver/Src/stm32f3xx_hal_pcd.o
 .debug_aranges
                0x00000830       0x88 ./Drivers/STM32F3xx_HAL_Driver/Src/stm32f3xx_hal_rcc.o
 .debug_aranges
                0x000008b8       0x38 ./Drivers/STM32F3xx_HAL_Driver/Src/stm32f3xx_hal_rcc_ex.o
 .debug_aranges
                0x000008f0      0x1d8 ./Drivers/STM32F3xx_HAL_Driver/Src/stm32f3xx_hal_spi.o
 .debug_aranges
                0x00000ac8      0x3e0 ./Drivers/STM32F3xx_HAL_Driver/Src/stm32f3xx_hal_tim.o
 .debug_aranges
                0x00000ea8      0x178 ./Drivers/STM32F3xx_HAL_Driver/Src/stm32f3xx_hal_tim_ex.o
 .debug_aranges
                0x00001020      0x228 ./Drivers/STM32F3xx_HAL_Driver/Src/stm32f3xx_hal_uart.o
 .debug_aranges
                0x00001248       0xc8 ./Drivers/STM32F3xx_HAL_Driver/Src/stm32f3xx_ll_usb.o

.debug_rnglists
                0x00000000      0xf0f
 .debug_rnglists
                0x00000000       0x5a ./Core/Src/main.o
 .debug_rnglists
                0x0000005a       0x5a ./Core/Src/stm32f3xx_hal_msp.o
 .debug_rnglists
                0x000000b4       0x49 ./Core/Src/stm32f3xx_it.o
 .debug_rnglists
                0x000000fd       0x1a ./Core/Src/system_stm32f3xx.o
 .debug_rnglists
                0x00000117       0x19 ./Core/Startup/startup_stm32f303vctx.o
 .debug_rnglists
                0x00000130       0xa3 ./Drivers/STM32F3xx_HAL_Driver/Src/stm32f3xx_hal.o
 .debug_rnglists
                0x000001d3       0xda ./Drivers/STM32F3xx_HAL_Driver/Src/stm32f3xx_hal_cortex.o
 .debug_rnglists
                0x000002ad       0x3f ./Drivers/STM32F3xx_HAL_Driver/Src/stm32f3xx_hal_gpio.o
 .debug_rnglists
                0x000002ec      0x228 ./Drivers/STM32F3xx_HAL_Driver/Src/stm32f3xx_hal_i2c.o
 .debug_rnglists
                0x00000514       0x35 ./Drivers/STM32F3xx_HAL_Driver/Src/stm32f3xx_hal_i2c_ex.o
 .debug_rnglists
                0x00000549       0xf4 ./Drivers/STM32F3xx_HAL_Driver/Src/stm32f3xx_hal_pcd.o
 .debug_rnglists
                0x0000063d       0x66 ./Drivers/STM32F3xx_HAL_Driver/Src/stm32f3xx_hal_rcc.o
 .debug_rnglists
                0x000006a3       0x28 ./Drivers/STM32F3xx_HAL_Driver/Src/stm32f3xx_hal_rcc_ex.o
 .debug_rnglists
                0x000006cb      0x178 ./Drivers/STM32F3xx_HAL_Driver/Src/stm32f3xx_hal_spi.o
 .debug_rnglists
                0x00000843      0x328 ./Drivers/STM32F3xx_HAL_Driver/Src/stm32f3xx_hal_tim.o
 .debug_rnglists
                0x00000b6b      0x131 ./Drivers/STM32F3xx_HAL_Driver/Src/stm32f3xx_hal_tim_ex.o
 .debug_rnglists
                0x00000c9c      0x1da ./Drivers/STM32F3xx_HAL_Driver/Src/stm32f3xx_hal_uart.o
 .debug_rnglists
                0x00000e76       0x99 ./Drivers/STM32F3xx_HAL_Driver/Src/stm32f3xx_ll_usb.o

.debug_macro    0x00000000    0x1eeb3
 .debug_macro   0x00000000      0x2f7 ./Core/Src/main.o
 .debug_macro   0x000002f7      0xab4 ./Core/Src/main.o
 .debug_macro   0x00000dab      0x163 ./Core/Src/main.o
 .debug_macro   0x00000f0e       0x2e ./Core/Src/main.o
 .debug_macro   0x00000f3c       0x28 ./Core/Src/main.o
 .debug_macro   0x00000f64       0x22 ./Core/Src/main.o
 .debug_macro   0x00000f86       0x8e ./Core/Src/main.o
 .debug_macro   0x00001014       0x51 ./Core/Src/main.o
 .debug_macro   0x00001065      0x103 ./Core/Src/main.o
 .debug_macro   0x00001168       0x6a ./Core/Src/main.o
 .debug_macro   0x000011d2      0x1df ./Core/Src/main.o
 .debug_macro   0x000013b1       0x1c ./Core/Src/main.o
 .debug_macro   0x000013cd       0x22 ./Core/Src/main.o
 .debug_macro   0x000013ef       0xd9 ./Core/Src/main.o
 .debug_macro   0x000014c8     0x102d ./Core/Src/main.o
 .debug_macro   0x000024f5      0x11f ./Core/Src/main.o
 .debug_macro   0x00002614    0x12a3a ./Core/Src/main.o
 .debug_macro   0x0001504e       0x6d ./Core/Src/main.o
 .debug_macro   0x000150bb     0x3574 ./Core/Src/main.o
 .debug_macro   0x0001862f      0x189 ./Core/Src/main.o
 .debug_macro   0x000187b8       0x55 ./Core/Src/main.o
 .debug_macro   0x0001880d      0x961 ./Core/Src/main.o
 .debug_macro   0x0001916e      0x5fe ./Core/Src/main.o
 .debug_macro   0x0001976c      0x1b5 ./Core/Src/main.o
 .debug_macro   0x00019921      0x1fb ./Core/Src/main.o
 .debug_macro   0x00019b1c      0x1dc ./Core/Src/main.o
 .debug_macro   0x00019cf8      0x1bc ./Core/Src/main.o
 .debug_macro   0x00019eb4       0x30 ./Core/Src/main.o
 .debug_macro   0x00019ee4       0x3c ./Core/Src/main.o
 .debug_macro   0x00019f20      0x235 ./Core/Src/main.o
 .debug_macro   0x0001a155       0xc5 ./Core/Src/main.o
 .debug_macro   0x0001a21a      0x21d ./Core/Src/main.o
 .debug_macro   0x0001a437      0x22c ./Core/Src/main.o
 .debug_macro   0x0001a663       0x5b ./Core/Src/main.o
 .debug_macro   0x0001a6be       0xa5 ./Core/Src/main.o
 .debug_macro   0x0001a763       0x73 ./Core/Src/main.o
 .debug_macro   0x0001a7d6      0x242 ./Core/Src/main.o
 .debug_macro   0x0001aa18       0x81 ./Core/Src/main.o
 .debug_macro   0x0001aa99       0xd3 ./Core/Src/main.o
 .debug_macro   0x0001ab6c      0x2fe ./Core/Src/main.o
 .debug_macro   0x0001ae6a      0xa60 ./Core/Src/main.o
 .debug_macro   0x0001b8ca       0x89 ./Core/Src/main.o
 .debug_macro   0x0001b953      0x5ba ./Core/Src/main.o
 .debug_macro   0x0001bf0d       0x3e ./Core/Src/main.o
 .debug_macro   0x0001bf4b      0x275 ./Core/Src/main.o
 .debug_macro   0x0001c1c0      0x130 ./Core/Src/main.o
 .debug_macro   0x0001c2f0       0x61 ./Core/Src/main.o
 .debug_macro   0x0001c351       0x2a ./Core/Src/main.o
 .debug_macro   0x0001c37b       0x43 ./Core/Src/main.o
 .debug_macro   0x0001c3be       0x34 ./Core/Src/main.o
 .debug_macro   0x0001c3f2       0x16 ./Core/Src/main.o
 .debug_macro   0x0001c408       0x35 ./Core/Src/main.o
 .debug_macro   0x0001c43d      0x369 ./Core/Src/main.o
 .debug_macro   0x0001c7a6       0x10 ./Core/Src/main.o
 .debug_macro   0x0001c7b6       0x16 ./Core/Src/main.o
 .debug_macro   0x0001c7cc       0x43 ./Core/Src/main.o
 .debug_macro   0x0001c80f       0x34 ./Core/Src/main.o
 .debug_macro   0x0001c843       0x10 ./Core/Src/main.o
 .debug_macro   0x0001c853       0x58 ./Core/Src/main.o
 .debug_macro   0x0001c8ab       0x8e ./Core/Src/main.o
 .debug_macro   0x0001c939       0x1c ./Core/Src/main.o
 .debug_macro   0x0001c955      0x177 ./Core/Src/main.o
 .debug_macro   0x0001cacc       0x16 ./Core/Src/main.o
 .debug_macro   0x0001cae2       0x16 ./Core/Src/main.o
 .debug_macro   0x0001caf8      0x146 ./Core/Src/main.o
 .debug_macro   0x0001cc3e      0x21f ./Core/Src/stm32f3xx_hal_msp.o
 .debug_macro   0x0001ce5d      0x229 ./Core/Src/stm32f3xx_it.o
 .debug_macro   0x0001d086      0x210 ./Core/Src/system_stm32f3xx.o
 .debug_macro   0x0001d296      0x234 ./Drivers/STM32F3xx_HAL_Driver/Src/stm32f3xx_hal.o
 .debug_macro   0x0001d4ca      0x210 ./Drivers/STM32F3xx_HAL_Driver/Src/stm32f3xx_hal_cortex.o
 .debug_macro   0x0001d6da      0x217 ./Drivers/STM32F3xx_HAL_Driver/Src/stm32f3xx_hal_gpio.o
 .debug_macro   0x0001d8f1      0x2dc ./Drivers/STM32F3xx_HAL_Driver/Src/stm32f3xx_hal_i2c.o
 .debug_macro   0x0001dbcd      0x210 ./Drivers/STM32F3xx_HAL_Driver/Src/stm32f3xx_hal_i2c_ex.o
 .debug_macro   0x0001dddd      0x21c ./Drivers/STM32F3xx_HAL_Driver/Src/stm32f3xx_hal_pcd.o
 .debug_macro   0x0001dff9      0x234 ./Drivers/STM32F3xx_HAL_Driver/Src/stm32f3xx_hal_rcc.o
 .debug_macro   0x0001e22d      0x210 ./Drivers/STM32F3xx_HAL_Driver/Src/stm32f3xx_hal_rcc_ex.o
 .debug_macro   0x0001e43d      0x218 ./Drivers/STM32F3xx_HAL_Driver/Src/stm32f3xx_hal_spi.o
 .debug_macro   0x0001e655      0x211 ./Drivers/STM32F3xx_HAL_Driver/Src/stm32f3xx_hal_tim.o
 .debug_macro   0x0001e866      0x210 ./Drivers/STM32F3xx_HAL_Driver/Src/stm32f3xx_hal_tim_ex.o
 .debug_macro   0x0001ea76      0x22d ./Drivers/STM32F3xx_HAL_Driver/Src/stm32f3xx_hal_uart.o
 .debug_macro   0x0001eca3      0x210 ./Drivers/STM32F3xx_HAL_Driver/Src/stm32f3xx_ll_usb.o

.debug_line     0x00000000    0x17eba
 .debug_line    0x00000000      0xc48 ./Core/Src/main.o
 .debug_line    0x00000c48      0x98e ./Core/Src/stm32f3xx_hal_msp.o
 .debug_line    0x000015d6      0x861 ./Core/Src/stm32f3xx_it.o
 .debug_line    0x00001e37      0x800 ./Core/Src/system_stm32f3xx.o
 .debug_line    0x00002637       0x7a ./Core/Startup/startup_stm32f303vctx.o
 .debug_line    0x000026b1      0xa38 ./Drivers/STM32F3xx_HAL_Driver/Src/stm32f3xx_hal.o
 .debug_line    0x000030e9      0xd25 ./Drivers/STM32F3xx_HAL_Driver/Src/stm32f3xx_hal_cortex.o
 .debug_line    0x00003e0e      0xbaf ./Drivers/STM32F3xx_HAL_Driver/Src/stm32f3xx_hal_gpio.o
 .debug_line    0x000049bd     0x3aaf ./Drivers/STM32F3xx_HAL_Driver/Src/stm32f3xx_hal_i2c.o
 .debug_line    0x0000846c      0x9a4 ./Drivers/STM32F3xx_HAL_Driver/Src/stm32f3xx_hal_i2c_ex.o
 .debug_line    0x00008e10     0x13c0 ./Drivers/STM32F3xx_HAL_Driver/Src/stm32f3xx_hal_pcd.o
 .debug_line    0x0000a1d0     0x13cc ./Drivers/STM32F3xx_HAL_Driver/Src/stm32f3xx_hal_rcc.o
 .debug_line    0x0000b59c      0xd86 ./Drivers/STM32F3xx_HAL_Driver/Src/stm32f3xx_hal_rcc_ex.o
 .debug_line    0x0000c322     0x2071 ./Drivers/STM32F3xx_HAL_Driver/Src/stm32f3xx_hal_spi.o
 .debug_line    0x0000e393     0x3e30 ./Drivers/STM32F3xx_HAL_Driver/Src/stm32f3xx_hal_tim.o
 .debug_line    0x000121c3     0x1b12 ./Drivers/STM32F3xx_HAL_Driver/Src/stm32f3xx_hal_tim_ex.o
 .debug_line    0x00013cd5     0x316b ./Drivers/STM32F3xx_HAL_Driver/Src/stm32f3xx_hal_uart.o
 .debug_line    0x00016e40     0x107a ./Drivers/STM32F3xx_HAL_Driver/Src/stm32f3xx_ll_usb.o

.debug_str      0x00000000    0xbd8e6
 .debug_str     0x00000000    0xb926a ./Core/Src/main.o
                              0xb9b18 (size before relaxing)
 .debug_str     0x000b926a      0x49d ./Core/Src/stm32f3xx_hal_msp.o
                              0xb5fa6 (size before relaxing)
 .debug_str     0x000b9707       0xec ./Core/Src/stm32f3xx_it.o
                              0xb507c (size before relaxing)
 .debug_str     0x000b97f3       0xdf ./Core/Src/system_stm32f3xx.o
                              0xb4760 (size before relaxing)
 .debug_str     0x000b98d2       0x44 ./Core/Startup/startup_stm32f303vctx.o
                                 0x86 (size before relaxing)
 .debug_str     0x000b9916      0x37a ./Drivers/STM32F3xx_HAL_Driver/Src/stm32f3xx_hal.o
                              0xb4f9e (size before relaxing)
 .debug_str     0x000b9c90      0x358 ./Drivers/STM32F3xx_HAL_Driver/Src/stm32f3xx_hal_cortex.o
                              0xb5022 (size before relaxing)
 .debug_str     0x000b9fe8      0x12b ./Drivers/STM32F3xx_HAL_Driver/Src/stm32f3xx_hal_gpio.o
                              0xb48cd (size before relaxing)
 .debug_str     0x000ba113      0xe6b ./Drivers/STM32F3xx_HAL_Driver/Src/stm32f3xx_hal_i2c.o
                              0xb5a60 (size before relaxing)
 .debug_str     0x000baf7e       0xb8 ./Drivers/STM32F3xx_HAL_Driver/Src/stm32f3xx_hal_i2c_ex.o
                              0xb4c57 (size before relaxing)
 .debug_str     0x000bb036      0x527 ./Drivers/STM32F3xx_HAL_Driver/Src/stm32f3xx_hal_pcd.o
                              0xb4f95 (size before relaxing)
 .debug_str     0x000bb55d      0x2bf ./Drivers/STM32F3xx_HAL_Driver/Src/stm32f3xx_hal_rcc.o
                              0xb4c00 (size before relaxing)
 .debug_str     0x000bb81c       0xbe ./Drivers/STM32F3xx_HAL_Driver/Src/stm32f3xx_hal_rcc_ex.o
                              0xb49c4 (size before relaxing)
 .debug_str     0x000bb8da      0x56b ./Drivers/STM32F3xx_HAL_Driver/Src/stm32f3xx_hal_spi.o
                              0xb5086 (size before relaxing)
 .debug_str     0x000bbe45      0xd81 ./Drivers/STM32F3xx_HAL_Driver/Src/stm32f3xx_hal_tim.o
                              0xb5b97 (size before relaxing)
 .debug_str     0x000bcbc6      0x402 ./Drivers/STM32F3xx_HAL_Driver/Src/stm32f3xx_hal_tim_ex.o
                              0xb53dd (size before relaxing)
 .debug_str     0x000bcfc8      0x846 ./Drivers/STM32F3xx_HAL_Driver/Src/stm32f3xx_hal_uart.o
                              0xb5483 (size before relaxing)
 .debug_str     0x000bd80e       0xd8 ./Drivers/STM32F3xx_HAL_Driver/Src/stm32f3xx_ll_usb.o
                              0xb4aea (size before relaxing)

.comment        0x00000000       0x43
 .comment       0x00000000       0x43 ./Core/Src/main.o
                                 0x44 (size before relaxing)
 .comment       0x00000043       0x44 ./Core/Src/stm32f3xx_hal_msp.o
 .comment       0x00000043       0x44 ./Core/Src/stm32f3xx_it.o
 .comment       0x00000043       0x44 ./Core/Src/system_stm32f3xx.o
 .comment       0x00000043       0x44 ./Drivers/STM32F3xx_HAL_Driver/Src/stm32f3xx_hal.o
 .comment       0x00000043       0x44 ./Drivers/STM32F3xx_HAL_Driver/Src/stm32f3xx_hal_cortex.o
 .comment       0x00000043       0x44 ./Drivers/STM32F3xx_HAL_Driver/Src/stm32f3xx_hal_gpio.o
 .comment       0x00000043       0x44 ./Drivers/STM32F3xx_HAL_Driver/Src/stm32f3xx_hal_i2c.o
 .comment       0x00000043       0x44 ./Drivers/STM32F3xx_HAL_Driver/Src/stm32f3xx_hal_i2c_ex.o
 .comment       0x00000043       0x44 ./Drivers/STM32F3xx_HAL_Driver/Src/stm32f3xx_hal_pcd.o
 .comment       0x00000043       0x44 ./Drivers/STM32F3xx_HAL_Driver/Src/stm32f3xx_hal_rcc.o
 .comment       0x00000043       0x44 ./Drivers/STM32F3xx_HAL_Driver/Src/stm32f3xx_hal_rcc_ex.o
 .comment       0x00000043       0x44 ./Drivers/STM32F3xx_HAL_Driver/Src/stm32f3xx_hal_spi.o
 .comment       0x00000043       0x44 ./Drivers/STM32F3xx_HAL_Driver/Src/stm32f3xx_hal_tim.o
 .comment       0x00000043       0x44 ./Drivers/STM32F3xx_HAL_Driver/Src/stm32f3xx_hal_tim_ex.o
 .comment       0x00000043       0x44 ./Drivers/STM32F3xx_HAL_Driver/Src/stm32f3xx_hal_uart.o
 .comment       0x00000043       0x44 ./Drivers/STM32F3xx_HAL_Driver/Src/stm32f3xx_ll_usb.o

.debug_frame    0x00000000     0x526c
 .debug_frame   0x00000000      0x18c ./Core/Src/main.o
 .debug_frame   0x0000018c      0x1c0 ./Core/Src/stm32f3xx_hal_msp.o
 .debug_frame   0x0000034c      0x120 ./Core/Src/stm32f3xx_it.o
 .debug_frame   0x0000046c       0x58 ./Core/Src/system_stm32f3xx.o
 .debug_frame   0x000004c4      0x334 ./Drivers/STM32F3xx_HAL_Driver/Src/stm32f3xx_hal.o
 .debug_frame   0x000007f8      0x4e8 ./Drivers/STM32F3xx_HAL_Driver/Src/stm32f3xx_hal_cortex.o
 .debug_frame   0x00000ce0      0x14c ./Drivers/STM32F3xx_HAL_Driver/Src/stm32f3xx_hal_gpio.o
 .debug_frame   0x00000e2c      0xc38 ./Drivers/STM32F3xx_HAL_Driver/Src/stm32f3xx_hal_i2c.o
 .debug_frame   0x00001a64      0x100 ./Drivers/STM32F3xx_HAL_Driver/Src/stm32f3xx_hal_i2c_ex.o
 .debug_frame   0x00001b64      0x590 ./Drivers/STM32F3xx_HAL_Driver/Src/stm32f3xx_hal_pcd.o
 .debug_frame   0x000020f4      0x214 ./Drivers/STM32F3xx_HAL_Driver/Src/stm32f3xx_hal_rcc.o
 .debug_frame   0x00002308       0xb0 ./Drivers/STM32F3xx_HAL_Driver/Src/stm32f3xx_hal_rcc_ex.o
 .debug_frame   0x000023b8      0x860 ./Drivers/STM32F3xx_HAL_Driver/Src/stm32f3xx_hal_spi.o
 .debug_frame   0x00002c18     0x1218 ./Drivers/STM32F3xx_HAL_Driver/Src/stm32f3xx_hal_tim.o
 .debug_frame   0x00003e30      0x688 ./Drivers/STM32F3xx_HAL_Driver/Src/stm32f3xx_hal_tim_ex.o
 .debug_frame   0x000044b8      0x9e8 ./Drivers/STM32F3xx_HAL_Driver/Src/stm32f3xx_hal_uart.o
 .debug_frame   0x00004ea0      0x380 ./Drivers/STM32F3xx_HAL_Driver/Src/stm32f3xx_ll_usb.o
 .debug_frame   0x00005220       0x20 /Applications/STM32CubeIDE.app/Contents/Eclipse/plugins/com.st.stm32cube.ide.mcu.externaltools.gnu-tools-for-stm32.12.3.rel1.macos64_1.0.100.202403111906/tools/bin/../lib/gcc/arm-none-eabi/12.3.1/../../../../arm-none-eabi/lib/thumb/v7e-m+fp/hard/libc_nano.a(libc_a-memset.o)
 .debug_frame   0x00005240       0x2c /Applications/STM32CubeIDE.app/Contents/Eclipse/plugins/com.st.stm32cube.ide.mcu.externaltools.gnu-tools-for-stm32.12.3.rel1.macos64_1.0.100.202403111906/tools/bin/../lib/gcc/arm-none-eabi/12.3.1/../../../../arm-none-eabi/lib/thumb/v7e-m+fp/hard/libc_nano.a(libc_a-init.o)

.debug_line_str
                0x00000000       0x6a
 .debug_line_str
                0x00000000       0x6a ./Core/Startup/startup_stm32f303vctx.o
