../Core/Src/main.c:79:5:main	32	static
../Core/Src/main.c:130:6:SystemClock_Config	128	static
../Core/Src/main.c:181:13:MX_I2C1_Init	8	static
../Core/Src/main.c:229:13:MX_SPI1_Init	8	static
../Core/Src/main.c:269:13:MX_TIM2_Init	40	static
../Core/Src/main.c:317:13:MX_USART1_UART_Init	8	static
../Core/Src/main.c:352:13:MX_USB_PCD_Init	8	static
../Core/Src/main.c:383:13:MX_GPIO_Init	48	static
../Core/Src/main.c:431:6:HAL_TIM_PeriodElapsedCallback	16	static
../Core/Src/main.c:441:6:Error_Handler	4	static,ignoring_inline_asm
