../Core/Src/main.c:82:5:main	16	static
../Core/Src/main.c:141:6:SystemClock_Config	128	static
../Core/Src/main.c:195:13:MX_I2C1_Init	8	static
../Core/Src/main.c:243:13:MX_SPI1_Init	8	static
../Core/Src/main.c:283:13:MX_TIM1_Init	112	static
../Core/Src/main.c:375:13:MX_TIM2_Init	40	static
../Core/Src/main.c:423:13:MX_USART1_UART_Init	8	static
../Core/Src/main.c:458:13:MX_USART2_UART_Init	8	static
../Core/Src/main.c:493:13:MX_USB_PCD_Init	8	static
../Core/Src/main.c:524:13:MX_GPIO_Init	48	static
/Applications/STM32CubeIDE.app/Contents/Eclipse/plugins/com.st.stm32cube.ide.mcu.externaltools.gnu-tools-for-stm32.12.3.rel1.macos64_1.0.100.202403111906/tools/arm-none-eabi/include/stdio.h:220:5:fputc	16	static
../Core/Src/main.c:580:6:Error_Handler	4	static,ignoring_inline_asm
